"Sensor\tValue\tStatus"
"ne:ctrl:emmc:lifetime\t0 percent\t"
"ne:ctrl:temperature-cpu\t44.171 °C\t"
"ne:ctrl:temperature-front\t24.625 °C\t"
"ne:ctrl:temperature-internal-0\t45 °C\t"
"ne:ctrl:temperature-internal-1\t36 °C\t"
"ne:ctrl:temperature-rear\t25.125 °C\t"
"ne:edfa:pump1:laser-current\t0.0426 A\t"
"ne:edfa:pump1:operating-time\t43 hours\t"
"ne:edfa:pump1:tec-current\t0.047 A\t"
"ne:edfa:pump1:tec-voltage\t0.098 V DC\t"
"ne:edfa:pump1:temperature\t25.6 °C\t"
"ne:edfa:pump2:laser-current\t0.0431 A\t"
"ne:edfa:pump2:operating-time\t43 hours\t"
"ne:edfa:pump2:tec-current\t0.024 A\t"
"ne:edfa:pump2:tec-voltage\t0.048 V DC\t"
"ne:edfa:pump2:temperature\t25.2 °C\t"
"ne:edfa:temperature\t26.7 °C\t"
"ne:fans:fan1:rpm\t8856 RPM\t"
"ne:fans:fan2:rpm\t8936 RPM\t"
"ne:fans:fan3:rpm\t9018 RPM\t"
"ne:fans:fan4:rpm\t9018 RPM\t"
"ne:pdu:current-12V\t0.957 A\t"
"ne:pdu:current-3V3\t0 A\t"
"ne:pdu:current-5V\t0.05 A\t"
"ne:pdu:power-12V\t8 W\t"
"ne:pdu:power-3V3\t9 W\t"
"ne:pdu:power-5V\t7 W\t"
"ne:pdu:temperature-1\t28 °C\t"
"ne:pdu:temperature-2\t31 °C\t"
"ne:pdu:temperature-3\t34 °C\t"
"ne:pdu:voltage-12V\t12.068 V DC\t"
"ne:pdu:voltage-3V3\t3.363 V DC\t"
"ne:pdu:voltage-5V\t5.183 V DC\t"
"ne:psu1:current-12V\t1.218 A\t"
"ne:psu1:current-5Vsb\t0.152 A\t"
"ne:psu1:current-in\t0.148 A\t"
"ne:psu1:fan:fan1:rpm\t4696 RPM\t"
"ne:psu1:power-in\t20.5 W\t"
"ne:psu1:power-out\t15 W\t"
"ne:psu1:temperature-1\t36 °C\t"
"ne:psu1:temperature-2\t35 °C\t"
"ne:psu1:voltage-12V\t11.988 V DC\t"
"ne:psu1:voltage-5Vsb\t5.025 V DC\t"
"ne:psu1:voltage-in\t228.25 V AC\t"
"ne:psu2:current-12V\t0 A\t"
"ne:psu2:current-5Vsb\t0 A\t"
"ne:psu2:current-in\t0 A\t"
"ne:psu2:fan:fan1:rpm\t2600 RPM\t"
"ne:psu2:power-in\t0 W\t"
"ne:psu2:power-out\t0 W\t"
"ne:psu2:temperature-1\t26 °C\t"
"ne:psu2:temperature-2\t25 °C\t"
"ne:psu2:voltage-12V\t0 V DC\t"
"ne:psu2:voltage-5Vsb\t0 V DC\t"
"ne:psu2:voltage-in\t0 V AC\t"
