"Sensor\tValue\tStatus"
"ne:accurate-digits\t42 °C\t"
"ne:bare-minimum\t42 °C\t"
"\u001b[31mne:broken\u001b[0m\t\u001b[31mN/A\u001b[0m\t\u001b[31mnonoperational\u001b[0m"
"ne:fixed-point\t25.6 °C\t"
"ne:fixed-point-scaled\t0.0426 A\t"
"\u001b[31mne:gone\u001b[0m\t\u001b[31mN/A\u001b[0m\t\u001b[31munavailable\u001b[0m"
"ne:huge\t3000 Hz\t"
"ne:huge-zero\t0 Hz\t"
"ne:negative\t-1.234 °C\t"
"ne:negative-below-one\t-0.005 °C\t"
"ne:no-units\t5\t"
"ne:not-a-sentinel\t1000000000 widgets\t"
"ne:tiny\t0.000007 W\t"
"\u001b[31mne:too-cold\u001b[0m\t\u001b[31munderflow\u001b[0m\t\u001b[31m\u001b[0m"
"\u001b[31mne:too-hot\u001b[0m\t\u001b[31moverflow\u001b[0m\t\u001b[31m\u001b[0m"
"\u001b[31mne:too-hot-as-velia-reports-it\u001b[0m\t\u001b[31moverflow\u001b[0m\t\u001b[31mnonoperational\u001b[0m"
"ne:trailing-zeros\t45 °C\t"
"ne:truth-no\tfalse\t"
"ne:truth-yes\ttrue\t"
"ne:unknown-units\t42 widgets\t"
